WARNING: memory.v:23: $readmemh(programa.txt): Not enough words in the file for the requested range [0:4095].
VCD info: dumpfile saida.vcd opened for output.
Programa executado:
sw x0, 0(x0)                    
lw x5, 0(x0)                    
sw x5, 16(x0)                   
=== OK: Obtido 00000000 na mem√≥ria
tb.v:54: $finish called at 33000 (1ps)
